Archive member included to satisfy reference by file (symbol)

c:/st/stm32cubeide_1.7.0/stm32cubeide/plugins/com.st.stm32cube.ide.mcu.externaltools.gnu-tools-for-stm32.9-2020-q2-update.win32_2.0.0.202105311346/tools/bin/../lib/gcc/arm-none-eabi/9.3.1/../../../../arm-none-eabi/lib/thumb/v7-m/nofp\libc_nano.a(lib_a-errno.o)
                              ./Core/Src/syscalls.o (__errno)
c:/st/stm32cubeide_1.7.0/stm32cubeide/plugins/com.st.stm32cube.ide.mcu.externaltools.gnu-tools-for-stm32.9-2020-q2-update.win32_2.0.0.202105311346/tools/bin/../lib/gcc/arm-none-eabi/9.3.1/../../../../arm-none-eabi/lib/thumb/v7-m/nofp\libc_nano.a(lib_a-exit.o)
                              c:/st/stm32cubeide_1.7.0/stm32cubeide/plugins/com.st.stm32cube.ide.mcu.externaltools.gnu-tools-for-stm32.9-2020-q2-update.win32_2.0.0.202105311346/tools/bin/../lib/gcc/arm-none-eabi/9.3.1/../../../../arm-none-eabi/lib/thumb/v7-m/nofp/crt0.o (exit)
c:/st/stm32cubeide_1.7.0/stm32cubeide/plugins/com.st.stm32cube.ide.mcu.externaltools.gnu-tools-for-stm32.9-2020-q2-update.win32_2.0.0.202105311346/tools/bin/../lib/gcc/arm-none-eabi/9.3.1/../../../../arm-none-eabi/lib/thumb/v7-m/nofp\libc_nano.a(lib_a-impure.o)
                              c:/st/stm32cubeide_1.7.0/stm32cubeide/plugins/com.st.stm32cube.ide.mcu.externaltools.gnu-tools-for-stm32.9-2020-q2-update.win32_2.0.0.202105311346/tools/bin/../lib/gcc/arm-none-eabi/9.3.1/../../../../arm-none-eabi/lib/thumb/v7-m/nofp\libc_nano.a(lib_a-exit.o) (_global_impure_ptr)
c:/st/stm32cubeide_1.7.0/stm32cubeide/plugins/com.st.stm32cube.ide.mcu.externaltools.gnu-tools-for-stm32.9-2020-q2-update.win32_2.0.0.202105311346/tools/bin/../lib/gcc/arm-none-eabi/9.3.1/../../../../arm-none-eabi/lib/thumb/v7-m/nofp\libc_nano.a(lib_a-init.o)
                              c:/st/stm32cubeide_1.7.0/stm32cubeide/plugins/com.st.stm32cube.ide.mcu.externaltools.gnu-tools-for-stm32.9-2020-q2-update.win32_2.0.0.202105311346/tools/bin/../lib/gcc/arm-none-eabi/9.3.1/../../../../arm-none-eabi/lib/thumb/v7-m/nofp/crt0.o (__libc_init_array)
c:/st/stm32cubeide_1.7.0/stm32cubeide/plugins/com.st.stm32cube.ide.mcu.externaltools.gnu-tools-for-stm32.9-2020-q2-update.win32_2.0.0.202105311346/tools/bin/../lib/gcc/arm-none-eabi/9.3.1/../../../../arm-none-eabi/lib/thumb/v7-m/nofp\libc_nano.a(lib_a-memset.o)
                              c:/st/stm32cubeide_1.7.0/stm32cubeide/plugins/com.st.stm32cube.ide.mcu.externaltools.gnu-tools-for-stm32.9-2020-q2-update.win32_2.0.0.202105311346/tools/bin/../lib/gcc/arm-none-eabi/9.3.1/../../../../arm-none-eabi/lib/thumb/v7-m/nofp/crt0.o (memset)

Allocating common symbols
Common symbol       size              file

counter_value       0x4               ./Core/Src/global.o
uwTick              0x4               ./Drivers/STM32F1xx_HAL_Driver/Src/stm32f1xx_hal.o
pFlash              0x20              ./Drivers/STM32F1xx_HAL_Driver/Src/stm32f1xx_hal_flash.o
htim2               0x48              ./Core/Src/main.o
status              0x4               ./Core/Src/global.o

Discarded input sections

 .text          0x0000000000000000        0x0 c:/st/stm32cubeide_1.7.0/stm32cubeide/plugins/com.st.stm32cube.ide.mcu.externaltools.gnu-tools-for-stm32.9-2020-q2-update.win32_2.0.0.202105311346/tools/bin/../lib/gcc/arm-none-eabi/9.3.1/thumb/v7-m/nofp/crti.o
 .data          0x0000000000000000        0x0 c:/st/stm32cubeide_1.7.0/stm32cubeide/plugins/com.st.stm32cube.ide.mcu.externaltools.gnu-tools-for-stm32.9-2020-q2-update.win32_2.0.0.202105311346/tools/bin/../lib/gcc/arm-none-eabi/9.3.1/thumb/v7-m/nofp/crti.o
 .bss           0x0000000000000000        0x0 c:/st/stm32cubeide_1.7.0/stm32cubeide/plugins/com.st.stm32cube.ide.mcu.externaltools.gnu-tools-for-stm32.9-2020-q2-update.win32_2.0.0.202105311346/tools/bin/../lib/gcc/arm-none-eabi/9.3.1/thumb/v7-m/nofp/crti.o
 .data          0x0000000000000000        0x4 c:/st/stm32cubeide_1.7.0/stm32cubeide/plugins/com.st.stm32cube.ide.mcu.externaltools.gnu-tools-for-stm32.9-2020-q2-update.win32_2.0.0.202105311346/tools/bin/../lib/gcc/arm-none-eabi/9.3.1/thumb/v7-m/nofp/crtbegin.o
 .text          0x0000000000000000       0x7c c:/st/stm32cubeide_1.7.0/stm32cubeide/plugins/com.st.stm32cube.ide.mcu.externaltools.gnu-tools-for-stm32.9-2020-q2-update.win32_2.0.0.202105311346/tools/bin/../lib/gcc/arm-none-eabi/9.3.1/../../../../arm-none-eabi/lib/thumb/v7-m/nofp/crt0.o
 .data          0x0000000000000000        0x0 c:/st/stm32cubeide_1.7.0/stm32cubeide/plugins/com.st.stm32cube.ide.mcu.externaltools.gnu-tools-for-stm32.9-2020-q2-update.win32_2.0.0.202105311346/tools/bin/../lib/gcc/arm-none-eabi/9.3.1/../../../../arm-none-eabi/lib/thumb/v7-m/nofp/crt0.o
 .bss           0x0000000000000000        0x0 c:/st/stm32cubeide_1.7.0/stm32cubeide/plugins/com.st.stm32cube.ide.mcu.externaltools.gnu-tools-for-stm32.9-2020-q2-update.win32_2.0.0.202105311346/tools/bin/../lib/gcc/arm-none-eabi/9.3.1/../../../../arm-none-eabi/lib/thumb/v7-m/nofp/crt0.o
[...]
Memory Configuration

Name             Origin             Length             Attributes
RAM              0x0000000020000000 0x0000000000002800 xrw
FLASH            0x0000000008000000 0x0000000000008000 xr
*default*        0x0000000000000000 0xffffffffffffffff

Linker script and memory map

LOAD c:/st/stm32cubeide_1.7.0/stm32cubeide/plugins/com.st.stm32cube.ide.mcu.externaltools.gnu-tools-for-stm32.9-2020-q2-update.win32_2.0.0.202105311346/tools/bin/../lib/gcc/arm-none-eabi/9.3.1/thumb/v7-m/nofp/crti.o
LOAD c:/st/stm32cubeide_1.7.0/stm32cubeide/plugins/com.st.stm32cube.ide.mcu.externaltools.gnu-tools-for-stm32.9-2020-q2-update.win32_2.0.0.202105311346/tools/bin/../lib/gcc/arm-none-eabi/9.3.1/thumb/v7-m/nofp/crtbegin.o
LOAD c:/st/stm32cubeide_1.7.0/stm32cubeide/plugins/com.st.stm32cube.ide.mcu.externaltools.gnu-tools-for-stm32.9-2020-q2-update.win32_2.0.0.202105311346/tools/bin/../lib/gcc/arm-none-eabi/9.3.1/../../../../arm-none-eabi/lib/thumb/v7-m/nofp/crt0.o
LOAD ./Core/Src/10second_timer.o
LOAD ./Core/Src/LED_BLINKY_timer.o
LOAD ./Core/Src/auto_count_down_timer.o
LOAD ./Core/Src/buttons_processing.o
LOAD ./Core/Src/buttons_reading.o
LOAD ./Core/Src/display_7_segment.o
LOAD ./Core/Src/fsm_simple_buttons_run.o
LOAD ./Core/Src/global.o
LOAD ./Core/Src/main.o
LOAD ./Core/Src/stm32f1xx_hal_msp.o
LOAD ./Core/Src/stm32f1xx_it.o
LOAD ./Core/Src/syscalls.o
LOAD ./Core/Src/sysmem.o
LOAD ./Core/Src/system_stm32f1xx.o
LOAD ./Core/Src/timer.o
LOAD ./Core/Startup/startup_stm32f103c6ux.o
LOAD ./Drivers/STM32F1xx_HAL_Driver/Src/stm32f1xx_hal.o
LOAD ./Drivers/STM32F1xx_HAL_Driver/Src/stm32f1xx_hal_cortex.o
LOAD ./Drivers/STM32F1xx_HAL_Driver/Src/stm32f1xx_hal_dma.o
LOAD ./Drivers/STM32F1xx_HAL_Driver/Src/stm32f1xx_hal_exti.o
LOAD ./Drivers/STM32F1xx_HAL_Driver/Src/stm32f1xx_hal_flash.o
LOAD ./Drivers/STM32F1xx_HAL_Driver/Src/stm32f1xx_hal_flash_ex.o
LOAD ./Drivers/STM32F1xx_HAL_Driver/Src/stm32f1xx_hal_gpio.o
LOAD ./Drivers/STM32F1xx_HAL_Driver/Src/stm32f1xx_hal_gpio_ex.o
LOAD ./Drivers/STM32F1xx_HAL_Driver/Src/stm32f1xx_hal_pwr.o
LOAD ./Drivers/STM32F1xx_HAL_Driver/Src/stm32f1xx_hal_rcc.o
LOAD ./Drivers/STM32F1xx_HAL_Driver/Src/stm32f1xx_hal_rcc_ex.o
LOAD ./Drivers/STM32F1xx_HAL_Driver/Src/stm32f1xx_hal_tim.o
LOAD ./Drivers/STM32F1xx_HAL_Driver/Src/stm32f1xx_hal_tim_ex.o
START GROUP
LOAD c:/st/stm32cubeide_1.7.0/stm32cubeide/plugins/com.st.stm32cube.ide.mcu.externaltools.gnu-tools-for-stm32.9-2020-q2-update.win32_2.0.0.202105311346/tools/bin/../lib/gcc/arm-none-eabi/9.3.1/../../../../arm-none-eabi/lib/thumb/v7-m/nofp\libc_nano.a
LOAD c:/st/stm32cubeide_1.7.0/stm32cubeide/plugins/com.st.stm32cube.ide.mcu.externaltools.gnu-tools-for-stm32.9-2020-q2-update.win32_2.0.0.202105311346/tools/bin/../lib/gcc/arm-none-eabi/9.3.1/../../../../arm-none-eabi/lib/thumb/v7-m/nofp\libm.a
END GROUP
START GROUP
LOAD c:/st/stm32cubeide_1.7.0/stm32cubeide/plugins/com.st.stm32cube.ide.mcu.externaltools.gnu-tools-for-stm32.9-2020-q2-update.win32_2.0.0.202105311346/tools/bin/../lib/gcc/arm-none-eabi/9.3.1/thumb/v7-m/nofp\libgcc.a
LOAD c:/st/stm32cubeide_1.7.0/stm32cubeide/plugins/com.st.stm32cube.ide.mcu.externaltools.gnu-tools-for-stm32.9-2020-q2-update.win32_2.0.0.202105311346/tools/bin/../lib/gcc/arm-none-eabi/9.3.1/../../../../arm-none-eabi/lib/thumb/v7-m/nofp\libc_nano.a
END GROUP
START GROUP
LOAD c:/st/stm32cubeide_1.7.0/stm32cubeide/plugins/com.st.stm32cube.ide.mcu.externaltools.gnu-tools-for-stm32.9-2020-q2-update.win32_2.0.0.202105311346/tools/bin/../lib/gcc/arm-none-eabi/9.3.1/thumb/v7-m/nofp\libgcc.a
LOAD c:/st/stm32cubeide_1.7.0/stm32cubeide/plugins/com.st.stm32cube.ide.mcu.externaltools.gnu-tools-for-stm32.9-2020-q2-update.win32_2.0.0.202105311346/tools/bin/../lib/gcc/arm-none-eabi/9.3.1/../../../../arm-none-eabi/lib/thumb/v7-m/nofp\libc_nano.a
LOAD c:/st/stm32cubeide_1.7.0/stm32cubeide/plugins/com.st.stm32cube.ide.mcu.externaltools.gnu-tools-for-stm32.9-2020-q2-update.win32_2.0.0.202105311346/tools/bin/../lib/gcc/arm-none-eabi/9.3.1/../../../../arm-none-eabi/lib/thumb/v7-m/nofp\libnosys.a
END GROUP
START GROUP
LOAD c:/st/stm32cubeide_1.7.0/stm32cubeide/plugins/com.st.stm32cube.ide.mcu.externaltools.gnu-tools-for-stm32.9-2020-q2-update.win32_2.0.0.202105311346/tools/bin/../lib/gcc/arm-none-eabi/9.3.1/thumb/v7-m/nofp\libgcc.a
LOAD c:/st/stm32cubeide_1.7.0/stm32cubeide/plugins/com.st.stm32cube.ide.mcu.externaltools.gnu-tools-for-stm32.9-2020-q2-update.win32_2.0.0.202105311346/tools/bin/../lib/gcc/arm-none-eabi/9.3.1/../../../../arm-none-eabi/lib/thumb/v7-m/nofp\libc_nano.a
LOAD c:/st/stm32cubeide_1.7.0/stm32cubeide/plugins/com.st.stm32cube.ide.mcu.externaltools.gnu-tools-for-stm32.9-2020-q2-update.win32_2.0.0.202105311346/tools/bin/../lib/gcc/arm-none-eabi/9.3.1/../../../../arm-none-eabi/lib/thumb/v7-m/nofp\libnosys.a
END GROUP
LOAD c:/st/stm32cubeide_1.7.0/stm32cubeide/plugins/com.st.stm32cube.ide.mcu.externaltools.gnu-tools-for-stm32.9-2020-q2-update.win32_2.0.0.202105311346/tools/bin/../lib/gcc/arm-none-eabi/9.3.1/thumb/v7-m/nofp/crtend.o
LOAD c:/st/stm32cubeide_1.7.0/stm32cubeide/plugins/com.st.stm32cube.ide.mcu.externaltools.gnu-tools-for-stm32.9-2020-q2-update.win32_2.0.0.202105311346/tools/bin/../lib/gcc/arm-none-eabi/9.3.1/thumb/v7-m/nofp/crtn.o
                0x0000000020002800                _estack = (ORIGIN (RAM) + LENGTH (RAM))
                0x0000000000000200                _Min_Heap_Size = 0x200
                0x0000000000000400                _Min_Stack_Size = 0x400

.isr_vector     0x0000000008000000      0x10c
                0x0000000008000000                . = ALIGN (0x4)
 *(.isr_vector)
 .isr_vector    0x0000000008000000      0x10c ./Core/Startup/startup_stm32f103c6ux.o
                0x0000000008000000                g_pfnVectors
                0x000000000800010c                . = ALIGN (0x4)

.text           0x000000000800010c     0x23fc
                0x000000000800010c                . = ALIGN (0x4)
 *(.text)
 .text          0x000000000800010c       0x40 c:/st/stm32cubeide_1.7.0/stm32cubeide/plugins/com.st.stm32cube.ide.mcu.externaltools.gnu-tools-for-stm32.9-2020-q2-update.win32_2.0.0.202105311346/tools/bin/../lib/gcc/arm-none-eabi/9.3.1/thumb/v7-m/nofp/crtbegin.o
 *(.text*)
 .text.setTimer_10second
                0x000000000800014c       0x38 ./Core/Src/10second_timer.o
                0x000000000800014c                setTimer_10second
 .text._10second_timer_run
                0x0000000008000184       0x34 ./Core/Src/10second_timer.o
                0x0000000008000184                _10second_timer_run
 .text.setTimer_LED_BLINKY
                0x00000000080001b8       0x38 ./Core/Src/LED_BLINKY_timer.o
                0x00000000080001b8                setTimer_LED_BLINKY
 .text.LED_BLINKY_timer_run
                0x00000000080001f0       0x34 ./Core/Src/LED_BLINKY_timer.o
                0x00000000080001f0                LED_BLINKY_timer_run
 .text.setTimer_auto_count_down
                0x0000000008000224       0x38 ./Core/Src/auto_count_down_timer.o
                0x0000000008000224                setTimer_auto_count_down
 .text.auto_count_down_timer_run
                0x000000000800025c       0x34 ./Core/Src/auto_count_down_timer.o
                0x000000000800025c                auto_count_down_timer_run
 .text.is_button0_pressed
                0x0000000008000290       0x24 ./Core/Src/buttons_processing.o
                0x0000000008000290                is_button0_pressed
 .text.is_button1_pressed
                0x00000000080002b4       0x24 ./Core/Src/buttons_processing.o
                0x00000000080002b4                is_button1_pressed
 .text.is_button2_pressed
                0x00000000080002d8       0x24 ./Core/Src/buttons_processing.o
                0x00000000080002d8                is_button2_pressed
 .text.subKeyProcess0
                0x00000000080002fc       0x18 ./Core/Src/buttons_reading.o
                0x00000000080002fc                subKeyProcess0
 .text.button_reading0
                0x0000000008000314       0xc8 ./Core/Src/buttons_reading.o
                0x0000000008000314                button_reading0
 .text.subKeyProcess1
                0x00000000080003dc       0x18 ./Core/Src/buttons_reading.o
                0x00000000080003dc                subKeyProcess1
 .text.button_reading1
                0x00000000080003f4       0xd0 ./Core/Src/buttons_reading.o
                0x00000000080003f4                button_reading1
 .text.subKeyProcess2
                0x00000000080004c4       0x18 ./Core/Src/buttons_reading.o
                0x00000000080004c4                subKeyProcess2
 .text.button_reading2
                0x00000000080004dc       0xac ./Core/Src/buttons_reading.o
                0x00000000080004dc                button_reading2
 .text.display7SEG
                0x0000000008000588      0x214 ./Core/Src/display_7_segment.o
                0x0000000008000588                display7SEG
 .text.fsm_simple_buttons_run
                0x000000000800079c      0x2bc ./Core/Src/fsm_simple_buttons_run.o
                0x000000000800079c                fsm_simple_buttons_run
 .text.main     0x0000000008000a58       0xb0 ./Core/Src/main.o
                0x0000000008000a58                main
 .text.SystemClock_Config
                0x0000000008000b08       0x76 ./Core/Src/main.o
                0x0000000008000b08                SystemClock_Config
 *fill*         0x0000000008000b7e        0x2 
 .text.MX_TIM2_Init
                0x0000000008000b80       0x98 ./Core/Src/main.o
 .text.MX_GPIO_Init
                0x0000000008000c18       0xdc ./Core/Src/main.o
 .text.Error_Handler
                0x0000000008000cf4        0xa ./Core/Src/main.o
                0x0000000008000cf4                Error_Handler
 *fill*         0x0000000008000cfe        0x2 
 .text.HAL_MspInit
                0x0000000008000d00       0x64 ./Core/Src/stm32f1xx_hal_msp.o
                0x0000000008000d00                HAL_MspInit
 .text.HAL_TIM_Base_MspInit
                0x0000000008000d64       0x48 ./Core/Src/stm32f1xx_hal_msp.o
                0x0000000008000d64                HAL_TIM_Base_MspInit
 .text.NMI_Handler
                0x0000000008000dac        0x6 ./Core/Src/stm32f1xx_it.o
                0x0000000008000dac                NMI_Handler
 .text.HardFault_Handler
                0x0000000008000db2        0x6 ./Core/Src/stm32f1xx_it.o
                0x0000000008000db2                HardFault_Handler
 .text.MemManage_Handler
                0x0000000008000db8        0x6 ./Core/Src/stm32f1xx_it.o
                0x0000000008000db8                MemManage_Handler
 .text.BusFault_Handler
                0x0000000008000dbe        0x6 ./Core/Src/stm32f1xx_it.o
                0x0000000008000dbe                BusFault_Handler
 .text.UsageFault_Handler
                0x0000000008000dc4        0x6 ./Core/Src/stm32f1xx_it.o
                0x0000000008000dc4                UsageFault_Handler
 .text.SVC_Handler
                0x0000000008000dca        0xc ./Core/Src/stm32f1xx_it.o
                0x0000000008000dca                SVC_Handler
 .text.DebugMon_Handler
                0x0000000008000dd6        0xc ./Core/Src/stm32f1xx_it.o
                0x0000000008000dd6                DebugMon_Handler
 .text.PendSV_Handler
                0x0000000008000de2        0xc ./Core/Src/stm32f1xx_it.o
                0x0000000008000de2                PendSV_Handler
 .text.SysTick_Handler
                0x0000000008000dee        0xc ./Core/Src/stm32f1xx_it.o
                0x0000000008000dee                SysTick_Handler
 *fill*         0x0000000008000dfa        0x2 
 .text.TIM2_IRQHandler
                0x0000000008000dfc       0x14 ./Core/Src/stm32f1xx_it.o
                0x0000000008000dfc                TIM2_IRQHandler
 .text.SystemInit
                0x0000000008000e10        0xc ./Core/Src/system_stm32f1xx.o
                0x0000000008000e10                SystemInit
 .text.HAL_TIM_PeriodElapsedCallback
                0x0000000008000e1c       0x32 ./Core/Src/timer.o
                0x0000000008000e1c                HAL_TIM_PeriodElapsedCallback
 *fill*         0x0000000008000e4e        0x2 
 .text.Reset_Handler
                0x0000000008000e50       0x48 ./Core/Startup/startup_stm32f103c6ux.o
                0x0000000008000e50                Reset_Handler
 .text.Default_Handler
                0x0000000008000e98        0x2 ./Core/Startup/startup_stm32f103c6ux.o
                0x0000000008000e98                RTC_Alarm_IRQHandler
                0x0000000008000e98                EXTI2_IRQHandler
                0x0000000008000e98                TIM1_CC_IRQHandler
                0x0000000008000e98                PVD_IRQHandler
                0x0000000008000e98                EXTI3_IRQHandler
                0x0000000008000e98                EXTI0_IRQHandler
                0x0000000008000e98                ADC1_2_IRQHandler
                0x0000000008000e98                SPI1_IRQHandler
                0x0000000008000e98                TAMPER_IRQHandler
                0x0000000008000e98                DMA1_Channel4_IRQHandler
                0x0000000008000e98                RTC_IRQHandler
                0x0000000008000e98                DMA1_Channel7_IRQHandler
                0x0000000008000e98                CAN1_RX1_IRQHandler
                0x0000000008000e98                I2C1_EV_IRQHandler
                0x0000000008000e98                DMA1_Channel6_IRQHandler
                0x0000000008000e98                TIM3_IRQHandler
                0x0000000008000e98                RCC_IRQHandler
                0x0000000008000e98                TIM1_TRG_COM_IRQHandler
                0x0000000008000e98                DMA1_Channel1_IRQHandler
                0x0000000008000e98                Default_Handler
                0x0000000008000e98                EXTI15_10_IRQHandler
                0x0000000008000e98                EXTI9_5_IRQHandler
                0x0000000008000e98                DMA1_Channel5_IRQHandler
                0x0000000008000e98                EXTI4_IRQHandler
                0x0000000008000e98                USB_LP_CAN1_RX0_IRQHandler
                0x0000000008000e98                USB_HP_CAN1_TX_IRQHandler
                0x0000000008000e98                DMA1_Channel3_IRQHandler
                0x0000000008000e98                TIM1_UP_IRQHandler
                0x0000000008000e98                WWDG_IRQHandler
                0x0000000008000e98                TIM1_BRK_IRQHandler
                0x0000000008000e98                EXTI1_IRQHandler
                0x0000000008000e98                USART2_IRQHandler
                0x0000000008000e98                DMA1_Channel2_IRQHandler
                0x0000000008000e98                CAN1_SCE_IRQHandler
                0x0000000008000e98                FLASH_IRQHandler
                0x0000000008000e98                USART1_IRQHandler
                0x0000000008000e98                I2C1_ER_IRQHandler
                0x0000000008000e98                USBWakeUp_IRQHandler
 *fill*         0x0000000008000e9a        0x2 
 .text.HAL_Init
                0x0000000008000e9c       0x2c ./Drivers/STM32F1xx_HAL_Driver/Src/stm32f1xx_hal.o
                0x0000000008000e9c                HAL_Init
 .text.HAL_InitTick
                0x0000000008000ec8       0x60 ./Drivers/STM32F1xx_HAL_Driver/Src/stm32f1xx_hal.o
                0x0000000008000ec8                HAL_InitTick
 .text.HAL_IncTick
                0x0000000008000f28       0x24 ./Drivers/STM32F1xx_HAL_Driver/Src/stm32f1xx_hal.o
                0x0000000008000f28                HAL_IncTick
 .text.HAL_GetTick
                0x0000000008000f4c       0x14 ./Drivers/STM32F1xx_HAL_Driver/Src/stm32f1xx_hal.o
                0x0000000008000f4c                HAL_GetTick
 .text.__NVIC_SetPriorityGrouping
                0x0000000008000f60       0x48 ./Drivers/STM32F1xx_HAL_Driver/Src/stm32f1xx_hal_cortex.o
 .text.__NVIC_GetPriorityGrouping
                0x0000000008000fa8       0x1c ./Drivers/STM32F1xx_HAL_Driver/Src/stm32f1xx_hal_cortex.o
 .text.__NVIC_EnableIRQ
                0x0000000008000fc4       0x38 ./Drivers/STM32F1xx_HAL_Driver/Src/stm32f1xx_hal_cortex.o
 .text.__NVIC_SetPriority
                0x0000000008000ffc       0x54 ./Drivers/STM32F1xx_HAL_Driver/Src/stm32f1xx_hal_cortex.o
 .text.NVIC_EncodePriority
                0x0000000008001050       0x64 ./Drivers/STM32F1xx_HAL_Driver/Src/stm32f1xx_hal_cortex.o
 .text.SysTick_Config
                0x00000000080010b4       0x44 ./Drivers/STM32F1xx_HAL_Driver/Src/stm32f1xx_hal_cortex.o
 .text.HAL_NVIC_SetPriorityGrouping
                0x00000000080010f8       0x16 ./Drivers/STM32F1xx_HAL_Driver/Src/stm32f1xx_hal_cortex.o
                0x00000000080010f8                HAL_NVIC_SetPriorityGrouping
 .text.HAL_NVIC_SetPriority
                0x000000000800110e       0x38 ./Drivers/STM32F1xx_HAL_Driver/Src/stm32f1xx_hal_cortex.o
                0x000000000800110e                HAL_NVIC_SetPriority
 .text.HAL_NVIC_EnableIRQ
                0x0000000008001146       0x1c ./Drivers/STM32F1xx_HAL_Driver/Src/stm32f1xx_hal_cortex.o
                0x0000000008001146                HAL_NVIC_EnableIRQ
 .text.HAL_SYSTICK_Config
                0x0000000008001162       0x18 ./Drivers/STM32F1xx_HAL_Driver/Src/stm32f1xx_hal_cortex.o
                0x0000000008001162                HAL_SYSTICK_Config
 *fill*         0x000000000800117a        0x2 
 .text.HAL_GPIO_Init
                0x000000000800117c      0x2f4 ./Drivers/STM32F1xx_HAL_Driver/Src/stm32f1xx_hal_gpio.o
                0x000000000800117c                HAL_GPIO_Init
 .text.HAL_GPIO_ReadPin
                0x0000000008001470       0x2e ./Drivers/STM32F1xx_HAL_Driver/Src/stm32f1xx_hal_gpio.o
                0x0000000008001470                HAL_GPIO_ReadPin
 .text.HAL_GPIO_WritePin
                0x000000000800149e       0x30 ./Drivers/STM32F1xx_HAL_Driver/Src/stm32f1xx_hal_gpio.o
                0x000000000800149e                HAL_GPIO_WritePin
 .text.HAL_GPIO_TogglePin
                0x00000000080014ce       0x32 ./Drivers/STM32F1xx_HAL_Driver/Src/stm32f1xx_hal_gpio.o
                0x00000000080014ce                HAL_GPIO_TogglePin
 .text.HAL_RCC_OscConfig
                0x0000000008001500      0x500 ./Drivers/STM32F1xx_HAL_Driver/Src/stm32f1xx_hal_rcc.o
                0x0000000008001500                HAL_RCC_OscConfig
 .text.HAL_RCC_ClockConfig
                0x0000000008001a00      0x1d4 ./Drivers/STM32F1xx_HAL_Driver/Src/stm32f1xx_hal_rcc.o
                0x0000000008001a00                HAL_RCC_ClockConfig
 .text.HAL_RCC_GetSysClockFreq
                0x0000000008001bd4       0xc0 ./Drivers/STM32F1xx_HAL_Driver/Src/stm32f1xx_hal_rcc.o
                0x0000000008001bd4                HAL_RCC_GetSysClockFreq
 .text.RCC_Delay
                0x0000000008001c94       0x3c ./Drivers/STM32F1xx_HAL_Driver/Src/stm32f1xx_hal_rcc.o
 .text.HAL_TIM_Base_Init
                0x0000000008001cd0       0x9e ./Drivers/STM32F1xx_HAL_Driver/Src/stm32f1xx_hal_tim.o
                0x0000000008001cd0                HAL_TIM_Base_Init
 *fill*         0x0000000008001d6e        0x2 
 .text.HAL_TIM_Base_Start_IT
                0x0000000008001d70       0x98 ./Drivers/STM32F1xx_HAL_Driver/Src/stm32f1xx_hal_tim.o
                0x0000000008001d70                HAL_TIM_Base_Start_IT
 .text.HAL_TIM_IRQHandler
                0x0000000008001e08      0x210 ./Drivers/STM32F1xx_HAL_Driver/Src/stm32f1xx_hal_tim.o
                0x0000000008001e08                HAL_TIM_IRQHandler
 .text.HAL_TIM_ConfigClockSource
                0x0000000008002018      0x188 ./Drivers/STM32F1xx_HAL_Driver/Src/stm32f1xx_hal_tim.o
                0x0000000008002018                HAL_TIM_ConfigClockSource
 .text.HAL_TIM_OC_DelayElapsedCallback
                0x00000000080021a0       0x12 ./Drivers/STM32F1xx_HAL_Driver/Src/stm32f1xx_hal_tim.o
                0x00000000080021a0                HAL_TIM_OC_DelayElapsedCallback
 .text.HAL_TIM_IC_CaptureCallback
                0x00000000080021b2       0x12 ./Drivers/STM32F1xx_HAL_Driver/Src/stm32f1xx_hal_tim.o
                0x00000000080021b2                HAL_TIM_IC_CaptureCallback
 .text.HAL_TIM_PWM_PulseFinishedCallback
                0x00000000080021c4       0x12 ./Drivers/STM32F1xx_HAL_Driver/Src/stm32f1xx_hal_tim.o
                0x00000000080021c4                HAL_TIM_PWM_PulseFinishedCallback
 .text.HAL_TIM_TriggerCallback
                0x00000000080021d6       0x12 ./Drivers/STM32F1xx_HAL_Driver/Src/stm32f1xx_hal_tim.o
                0x00000000080021d6                HAL_TIM_TriggerCallback
 .text.TIM_Base_SetConfig
                0x00000000080021e8       0xb0 ./Drivers/STM32F1xx_HAL_Driver/Src/stm32f1xx_hal_tim.o
                0x00000000080021e8                TIM_Base_SetConfig
 .text.TIM_TI1_ConfigInputStage
                0x0000000008002298       0x5c ./Drivers/STM32F1xx_HAL_Driver/Src/stm32f1xx_hal_tim.o
 .text.TIM_TI2_ConfigInputStage
                0x00000000080022f4       0x5e ./Drivers/STM32F1xx_HAL_Driver/Src/stm32f1xx_hal_tim.o
 .text.TIM_ITRx_SetConfig
                0x0000000008002352       0x34 ./Drivers/STM32F1xx_HAL_Driver/Src/stm32f1xx_hal_tim.o
 .text.TIM_ETR_SetConfig
                0x0000000008002386       0x3e ./Drivers/STM32F1xx_HAL_Driver/Src/stm32f1xx_hal_tim.o
                0x0000000008002386                TIM_ETR_SetConfig
 .text.HAL_TIMEx_MasterConfigSynchronization
                0x00000000080023c4       0xb0 ./Drivers/STM32F1xx_HAL_Driver/Src/stm32f1xx_hal_tim_ex.o
                0x00000000080023c4                HAL_TIMEx_MasterConfigSynchronization
 .text.HAL_TIMEx_CommutCallback
                0x0000000008002474       0x12 ./Drivers/STM32F1xx_HAL_Driver/Src/stm32f1xx_hal_tim_ex.o
                0x0000000008002474                HAL_TIMEx_CommutCallback
 .text.HAL_TIMEx_BreakCallback
                0x0000000008002486       0x12 ./Drivers/STM32F1xx_HAL_Driver/Src/stm32f1xx_hal_tim_ex.o
                0x0000000008002486                HAL_TIMEx_BreakCallback
 .text.__libc_init_array
                0x0000000008002498       0x48 c:/st/stm32cubeide_1.7.0/stm32cubeide/plugins/com.st.stm32cube.ide.mcu.externaltools.gnu-tools-for-stm32.9-2020-q2-update.win32_2.0.0.202105311346/tools/bin/../lib/gcc/arm-none-eabi/9.3.1/../../../../arm-none-eabi/lib/thumb/v7-m/nofp\libc_nano.a(lib_a-init.o)
                0x0000000008002498                __libc_init_array
 .text.memset   0x00000000080024e0       0x10 c:/st/stm32cubeide_1.7.0/stm32cubeide/plugins/com.st.stm32cube.ide.mcu.externaltools.gnu-tools-for-stm32.9-2020-q2-update.win32_2.0.0.202105311346/tools/bin/../lib/gcc/arm-none-eabi/9.3.1/../../../../arm-none-eabi/lib/thumb/v7-m/nofp\libc_nano.a(lib_a-memset.o)
                0x00000000080024e0                memset
 *(.glue_7)
 .glue_7        0x00000000080024f0        0x0 linker stubs
 *(.glue_7t)
 .glue_7t       0x00000000080024f0        0x0 linker stubs
 *(.eh_frame)
 .eh_frame      0x00000000080024f0        0x0 c:/st/stm32cubeide_1.7.0/stm32cubeide/plugins/com.st.stm32cube.ide.mcu.externaltools.gnu-tools-for-stm32.9-2020-q2-update.win32_2.0.0.202105311346/tools/bin/../lib/gcc/arm-none-eabi/9.3.1/thumb/v7-m/nofp/crtbegin.o
 *(.init)
 .init          0x00000000080024f0        0x4 c:/st/stm32cubeide_1.7.0/stm32cubeide/plugins/com.st.stm32cube.ide.mcu.externaltools.gnu-tools-for-stm32.9-2020-q2-update.win32_2.0.0.202105311346/tools/bin/../lib/gcc/arm-none-eabi/9.3.1/thumb/v7-m/nofp/crti.o
                0x00000000080024f0                _init
 .init          0x00000000080024f4        0x8 c:/st/stm32cubeide_1.7.0/stm32cubeide/plugins/com.st.stm32cube.ide.mcu.externaltools.gnu-tools-for-stm32.9-2020-q2-update.win32_2.0.0.202105311346/tools/bin/../lib/gcc/arm-none-eabi/9.3.1/thumb/v7-m/nofp/crtn.o
 *(.fini)
 .fini          0x00000000080024fc        0x4 c:/st/stm32cubeide_1.7.0/stm32cubeide/plugins/com.st.stm32cube.ide.mcu.externaltools.gnu-tools-for-stm32.9-2020-q2-update.win32_2.0.0.202105311346/tools/bin/../lib/gcc/arm-none-eabi/9.3.1/thumb/v7-m/nofp/crti.o
                0x00000000080024fc                _fini
 .fini          0x0000000008002500        0x8 c:/st/stm32cubeide_1.7.0/stm32cubeide/plugins/com.st.stm32cube.ide.mcu.externaltools.gnu-tools-for-stm32.9-2020-q2-update.win32_2.0.0.202105311346/tools/bin/../lib/gcc/arm-none-eabi/9.3.1/thumb/v7-m/nofp/crtn.o
                0x0000000008002508                . = ALIGN (0x4)
                0x0000000008002508                _etext = .

.vfp11_veneer   0x0000000008002508        0x0
 .vfp11_veneer  0x0000000008002508        0x0 linker stubs

.v4_bx          0x0000000008002508        0x0
 .v4_bx         0x0000000008002508        0x0 linker stubs

.iplt           0x0000000008002508        0x0
 .iplt          0x0000000008002508        0x0 c:/st/stm32cubeide_1.7.0/stm32cubeide/plugins/com.st.stm32cube.ide.mcu.externaltools.gnu-tools-for-stm32.9-2020-q2-update.win32_2.0.0.202105311346/tools/bin/../lib/gcc/arm-none-eabi/9.3.1/thumb/v7-m/nofp/crtbegin.o

.rodata         0x0000000008002508       0x20
                0x0000000008002508                . = ALIGN (0x4)
 *(.rodata)
 .rodata        0x0000000008002508       0x10 ./Drivers/STM32F1xx_HAL_Driver/Src/stm32f1xx_hal_rcc.o
 *(.rodata*)
 .rodata.AHBPrescTable
                0x0000000008002518       0x10 ./Core/Src/system_stm32f1xx.o
                0x0000000008002518                AHBPrescTable
                0x0000000008002528                . = ALIGN (0x4)

.rel.dyn        0x0000000008002528        0x0
 .rel.iplt      0x0000000008002528        0x0 c:/st/stm32cubeide_1.7.0/stm32cubeide/plugins/com.st.stm32cube.ide.mcu.externaltools.gnu-tools-for-stm32.9-2020-q2-update.win32_2.0.0.202105311346/tools/bin/../lib/gcc/arm-none-eabi/9.3.1/thumb/v7-m/nofp/crtbegin.o

.ARM.extab      0x0000000008002528        0x0
                0x0000000008002528                . = ALIGN (0x4)
 *(.ARM.extab* .gnu.linkonce.armextab.*)
                0x0000000008002528                . = ALIGN (0x4)

.ARM            0x0000000008002528        0x0
                0x0000000008002528                . = ALIGN (0x4)
                0x0000000008002528                __exidx_start = .
 *(.ARM.exidx*)
                0x0000000008002528                __exidx_end = .
                0x0000000008002528                . = ALIGN (0x4)

.preinit_array  0x0000000008002528        0x0
                0x0000000008002528                . = ALIGN (0x4)
                0x0000000008002528                PROVIDE (__preinit_array_start = .)
 *(.preinit_array*)
                0x0000000008002528                PROVIDE (__preinit_array_end = .)
                0x0000000008002528                . = ALIGN (0x4)

.init_array     0x0000000008002528        0x4
                0x0000000008002528                . = ALIGN (0x4)
                0x0000000008002528                PROVIDE (__init_array_start = .)
 *(SORT_BY_NAME(.init_array.*))
 *(.init_array*)
 .init_array    0x0000000008002528        0x4 c:/st/stm32cubeide_1.7.0/stm32cubeide/plugins/com.st.stm32cube.ide.mcu.externaltools.gnu-tools-for-stm32.9-2020-q2-update.win32_2.0.0.202105311346/tools/bin/../lib/gcc/arm-none-eabi/9.3.1/thumb/v7-m/nofp/crtbegin.o
                0x000000000800252c                PROVIDE (__init_array_end = .)
                0x000000000800252c                . = ALIGN (0x4)

.fini_array     0x000000000800252c        0x4
                0x000000000800252c                . = ALIGN (0x4)
                [!provide]                        PROVIDE (__fini_array_start = .)
 *(SORT_BY_NAME(.fini_array.*))
 *(.fini_array*)
 .fini_array    0x000000000800252c        0x4 c:/st/stm32cubeide_1.7.0/stm32cubeide/plugins/com.st.stm32cube.ide.mcu.externaltools.gnu-tools-for-stm32.9-2020-q2-update.win32_2.0.0.202105311346/tools/bin/../lib/gcc/arm-none-eabi/9.3.1/thumb/v7-m/nofp/crtbegin.o
                [!provide]                        PROVIDE (__fini_array_end = .)
                0x0000000008002530                . = ALIGN (0x4)
                0x0000000008002530                _sidata = LOADADDR (.data)

.data           0x0000000020000000       0x3c load address 0x0000000008002530
                0x0000000020000000                . = ALIGN (0x4)
                0x0000000020000000                _sdata = .
 *(.data)
 *(.data*)
 .data.keyReg0_0
                0x0000000020000000        0x4 ./Core/Src/buttons_reading.o
                0x0000000020000000                keyReg0_0
 .data.keyReg1_0
                0x0000000020000004        0x4 ./Core/Src/buttons_reading.o
                0x0000000020000004                keyReg1_0
 .data.keyReg2_0
                0x0000000020000008        0x4 ./Core/Src/buttons_reading.o
                0x0000000020000008                keyReg2_0
 .data.keyReg3_0
                0x000000002000000c        0x4 ./Core/Src/buttons_reading.o
                0x000000002000000c                keyReg3_0
 .data.keyReg0_1
                0x0000000020000010        0x4 ./Core/Src/buttons_reading.o
                0x0000000020000010                keyReg0_1
 .data.keyReg1_1
                0x0000000020000014        0x4 ./Core/Src/buttons_reading.o
                0x0000000020000014                keyReg1_1
 .data.keyReg2_1
                0x0000000020000018        0x4 ./Core/Src/buttons_reading.o
                0x0000000020000018                keyReg2_1
 .data.keyReg3_1
                0x000000002000001c        0x4 ./Core/Src/buttons_reading.o
                0x000000002000001c                keyReg3_1
 .data.keyReg0_2
                0x0000000020000020        0x4 ./Core/Src/buttons_reading.o
                0x0000000020000020                keyReg0_2
 .data.keyReg1_2
                0x0000000020000024        0x4 ./Core/Src/buttons_reading.o
                0x0000000020000024                keyReg1_2
 .data.keyReg2_2
                0x0000000020000028        0x4 ./Core/Src/buttons_reading.o
                0x0000000020000028                keyReg2_2
 .data.keyReg3_2
                0x000000002000002c        0x4 ./Core/Src/buttons_reading.o
                0x000000002000002c                keyReg3_2
 .data.SystemCoreClock
                0x0000000020000030        0x4 ./Core/Src/system_stm32f1xx.o
                0x0000000020000030                SystemCoreClock
 .data.uwTickPrio
                0x0000000020000034        0x4 ./Drivers/STM32F1xx_HAL_Driver/Src/stm32f1xx_hal.o
                0x0000000020000034                uwTickPrio
 .data.uwTickFreq
                0x0000000020000038        0x1 ./Drivers/STM32F1xx_HAL_Driver/Src/stm32f1xx_hal.o
                0x0000000020000038                uwTickFreq
 *(.RamFunc)
 *(.RamFunc*)
                0x000000002000003c                . = ALIGN (0x4)
 *fill*         0x0000000020000039        0x3 
                0x000000002000003c                _edata = .

.igot.plt       0x000000002000003c        0x0 load address 0x000000000800256c
 .igot.plt      0x000000002000003c        0x0 c:/st/stm32cubeide_1.7.0/stm32cubeide/plugins/com.st.stm32cube.ide.mcu.externaltools.gnu-tools-for-stm32.9-2020-q2-update.win32_2.0.0.202105311346/tools/bin/../lib/gcc/arm-none-eabi/9.3.1/thumb/v7-m/nofp/crtbegin.o
                0x000000002000003c                . = ALIGN (0x4)

.bss            0x000000002000003c       0xb0 load address 0x000000000800256c
                0x000000002000003c                _sbss = .
                0x000000002000003c                __bss_start__ = _sbss
 *(.bss)
 .bss           0x000000002000003c       0x1c c:/st/stm32cubeide_1.7.0/stm32cubeide/plugins/com.st.stm32cube.ide.mcu.externaltools.gnu-tools-for-stm32.9-2020-q2-update.win32_2.0.0.202105311346/tools/bin/../lib/gcc/arm-none-eabi/9.3.1/thumb/v7-m/nofp/crtbegin.o
 *(.bss*)
 .bss._10second_timer_counter
                0x0000000020000058        0x4 ./Core/Src/10second_timer.o
                0x0000000020000058                _10second_timer_counter
 .bss._10second_timer_flag
                0x000000002000005c        0x4 ./Core/Src/10second_timer.o
                0x000000002000005c                _10second_timer_flag
 .bss.LED_BLINKY_counter
                0x0000000020000060        0x4 ./Core/Src/LED_BLINKY_timer.o
                0x0000000020000060                LED_BLINKY_counter
 .bss.LED_BLINKY_flag
                0x0000000020000064        0x4 ./Core/Src/LED_BLINKY_timer.o
                0x0000000020000064                LED_BLINKY_flag
 .bss.auto_count_down_counter
                0x0000000020000068        0x4 ./Core/Src/auto_count_down_timer.o
                0x0000000020000068                auto_count_down_counter
 .bss.auto_count_down_flag
                0x000000002000006c        0x4 ./Core/Src/auto_count_down_timer.o
                0x000000002000006c                auto_count_down_flag
 .bss.counter0  0x0000000020000070        0x4 ./Core/Src/buttons_reading.o
                0x0000000020000070                counter0
 .bss.btn0_flag
                0x0000000020000074        0x4 ./Core/Src/buttons_reading.o
                0x0000000020000074                btn0_flag
 .bss.first_enter_auto_mode_0
                0x0000000020000078        0x4 ./Core/Src/buttons_reading.o
                0x0000000020000078                first_enter_auto_mode_0
 .bss.counter1  0x000000002000007c        0x4 ./Core/Src/buttons_reading.o
                0x000000002000007c                counter1
 .bss.btn1_flag
                0x0000000020000080        0x4 ./Core/Src/buttons_reading.o
                0x0000000020000080                btn1_flag
 .bss.btn1_long_flag
                0x0000000020000084        0x4 ./Core/Src/buttons_reading.o
                0x0000000020000084                btn1_long_flag
 .bss.first_enter_auto_mode_1
                0x0000000020000088        0x4 ./Core/Src/buttons_reading.o
                0x0000000020000088                first_enter_auto_mode_1
 .bss.counter2  0x000000002000008c        0x4 ./Core/Src/buttons_reading.o
                0x000000002000008c                counter2
 .bss.btn2_flag
                0x0000000020000090        0x4 ./Core/Src/buttons_reading.o
                0x0000000020000090                btn2_flag
 .bss.btn2_long_flag
                0x0000000020000094        0x4 ./Core/Src/buttons_reading.o
                0x0000000020000094                btn2_long_flag
 *(COMMON)
 COMMON         0x0000000020000098        0x8 ./Core/Src/global.o
                0x0000000020000098                counter_value
                0x000000002000009c                status
 COMMON         0x00000000200000a0       0x48 ./Core/Src/main.o
                0x00000000200000a0                htim2
 COMMON         0x00000000200000e8        0x4 ./Drivers/STM32F1xx_HAL_Driver/Src/stm32f1xx_hal.o
                0x00000000200000e8                uwTick
                0x00000000200000ec                . = ALIGN (0x4)
                0x00000000200000ec                _ebss = .
                0x00000000200000ec                __bss_end__ = _ebss

._user_heap_stack
                0x00000000200000ec      0x604 load address 0x000000000800256c
                0x00000000200000f0                . = ALIGN (0x8)
 *fill*         0x00000000200000ec        0x4 
                [!provide]                        PROVIDE (end = .)
                0x00000000200000f0                PROVIDE (_end = .)
                0x00000000200002f0                . = (. + _Min_Heap_Size)
 *fill*         0x00000000200000f0      0x200 
                0x00000000200006f0                . = (. + _Min_Stack_Size)
 *fill*         0x00000000200002f0      0x400 
                0x00000000200006f0                . = ALIGN (0x8)

/DISCARD/
 libc.a(*)
 libm.a(*)
 libgcc.a(*)

.ARM.attributes
                0x0000000000000000       0x29
 *(.ARM.attributes)
 .ARM.attributes
                0x0000000000000000       0x1d c:/st/stm32cubeide_1.7.0/stm32cubeide/plugins/com.st.stm32cube.ide.mcu.externaltools.gnu-tools-for-stm32.9-2020-q2-update.win32_2.0.0.202105311346/tools/bin/../lib/gcc/arm-none-eabi/9.3.1/thumb/v7-m/nofp/crti.o
 .ARM.attributes
                0x000000000000001d       0x2d c:/st/stm32cubeide_1.7.0/stm32cubeide/plugins/com.st.stm32cube.ide.mcu.externaltools.gnu-tools-for-stm32.9-2020-q2-update.win32_2.0.0.202105311346/tools/bin/../lib/gcc/arm-none-eabi/9.3.1/thumb/v7-m/nofp/crtbegin.o
 .ARM.attributes
                0x000000000000004a       0x2d ./Core/Src/10second_timer.o
 .ARM.attributes
                0x0000000000000077       0x2d ./Core/Src/LED_BLINKY_timer.o
 .ARM.attributes
                0x00000000000000a4       0x2d ./Core/Src/auto_count_down_timer.o
 .ARM.attributes
                0x00000000000000d1       0x2d ./Core/Src/buttons_processing.o
 .ARM.attributes
                0x00000000000000fe       0x2d ./Core/Src/buttons_reading.o
 .ARM.attributes
                0x000000000000012b       0x2d ./Core/Src/display_7_segment.o
 .ARM.attributes
                0x0000000000000158       0x2d ./Core/Src/fsm_simple_buttons_run.o
 .ARM.attributes
                0x0000000000000185       0x33 ./Core/Src/global.o
 .ARM.attributes
                0x00000000000001b8       0x2d ./Core/Src/main.o
 .ARM.attributes
                0x00000000000001e5       0x2d ./Core/Src/stm32f1xx_hal_msp.o
 .ARM.attributes
                0x0000000000000212       0x2d ./Core/Src/stm32f1xx_it.o
 .ARM.attributes
                0x000000000000023f       0x2d ./Core/Src/system_stm32f1xx.o
 .ARM.attributes
                0x000000000000026c       0x2d ./Core/Src/timer.o
 .ARM.attributes
                0x0000000000000299       0x21 ./Core/Startup/startup_stm32f103c6ux.o
 .ARM.attributes
                0x00000000000002ba       0x2d ./Drivers/STM32F1xx_HAL_Driver/Src/stm32f1xx_hal.o
 .ARM.attributes
                0x00000000000002e7       0x2d ./Drivers/STM32F1xx_HAL_Driver/Src/stm32f1xx_hal_cortex.o
 .ARM.attributes
                0x0000000000000314       0x2d ./Drivers/STM32F1xx_HAL_Driver/Src/stm32f1xx_hal_gpio.o
 .ARM.attributes
                0x0000000000000341       0x2d ./Drivers/STM32F1xx_HAL_Driver/Src/stm32f1xx_hal_rcc.o
 .ARM.attributes
                0x000000000000036e       0x2d ./Drivers/STM32F1xx_HAL_Driver/Src/stm32f1xx_hal_tim.o
 .ARM.attributes
                0x000000000000039b       0x2d ./Drivers/STM32F1xx_HAL_Driver/Src/stm32f1xx_hal_tim_ex.o
 .ARM.attributes
                0x00000000000003c8       0x2d c:/st/stm32cubeide_1.7.0/stm32cubeide/plugins/com.st.stm32cube.ide.mcu.externaltools.gnu-tools-for-stm32.9-2020-q2-update.win32_2.0.0.202105311346/tools/bin/../lib/gcc/arm-none-eabi/9.3.1/../../../../arm-none-eabi/lib/thumb/v7-m/nofp\libc_nano.a(lib_a-init.o)
 .ARM.attributes
                0x00000000000003f5       0x2d c:/st/stm32cubeide_1.7.0/stm32cubeide/plugins/com.st.stm32cube.ide.mcu.externaltools.gnu-tools-for-stm32.9-2020-q2-update.win32_2.0.0.202105311346/tools/bin/../lib/gcc/arm-none-eabi/9.3.1/../../../../arm-none-eabi/lib/thumb/v7-m/nofp\libc_nano.a(lib_a-memset.o)
 .ARM.attributes
                0x0000000000000422       0x1d c:/st/stm32cubeide_1.7.0/stm32cubeide/plugins/com.st.stm32cube.ide.mcu.externaltools.gnu-tools-for-stm32.9-2020-q2-update.win32_2.0.0.202105311346/tools/bin/../lib/gcc/arm-none-eabi/9.3.1/thumb/v7-m/nofp/crtn.o
OUTPUT(midterm.elf elf32-littlearm)
LOAD linker stubs
LOAD c:/st/stm32cubeide_1.7.0/stm32cubeide/plugins/com.st.stm32cube.ide.mcu.externaltools.gnu-tools-for-stm32.9-2020-q2-update.win32_2.0.0.202105311346/tools/bin/../lib/gcc/arm-none-eabi/9.3.1/../../../../arm-none-eabi/lib/thumb/v7-m/nofp\libc.a
LOAD c:/st/stm32cubeide_1.7.0/stm32cubeide/plugins/com.st.stm32cube.ide.mcu.externaltools.gnu-tools-for-stm32.9-2020-q2-update.win32_2.0.0.202105311346/tools/bin/../lib/gcc/arm-none-eabi/9.3.1/../../../../arm-none-eabi/lib/thumb/v7-m/nofp\libm.a
LOAD c:/st/stm32cubeide_1.7.0/stm32cubeide/plugins/com.st.stm32cube.ide.mcu.externaltools.gnu-tools-for-stm32.9-2020-q2-update.win32_2.0.0.202105311346/tools/bin/../lib/gcc/arm-none-eabi/9.3.1/thumb/v7-m/nofp\libgcc.a

.debug_info     0x0000000000000000     0x9749
 .debug_info    0x0000000000000000       0xa9 ./Core/Src/10second_timer.o
 .debug_info    0x00000000000000a9       0xa9 ./Core/Src/LED_BLINKY_timer.o
 .debug_info    0x0000000000000152       0xa9 ./Core/Src/auto_count_down_timer.o
 .debug_info    0x00000000000001fb       0xf7 ./Core/Src/buttons_processing.o
 .debug_info    0x00000000000002f2      0x471 ./Core/Src/buttons_reading.o
 .debug_info    0x0000000000000763      0x28f ./Core/Src/display_7_segment.o
 .debug_info    0x00000000000009f2      0x252 ./Core/Src/fsm_simple_buttons_run.o
 .debug_info    0x0000000000000c44       0x5d ./Core/Src/global.o
 .debug_info    0x0000000000000ca1      0xc5f ./Core/Src/main.o
 .debug_info    0x0000000000001900      0xa04 ./Core/Src/stm32f1xx_hal_msp.o
 .debug_info    0x0000000000002304      0x7b4 ./Core/Src/stm32f1xx_it.o
 .debug_info    0x0000000000002ab8      0x2be ./Core/Src/system_stm32f1xx.o
 .debug_info    0x0000000000002d76      0x7fe ./Core/Src/timer.o
 .debug_info    0x0000000000003574       0x22 ./Core/Startup/startup_stm32f103c6ux.o
 .debug_info    0x0000000000003596      0x74c ./Drivers/STM32F1xx_HAL_Driver/Src/stm32f1xx_hal.o
 .debug_info    0x0000000000003ce2      0xbbe ./Drivers/STM32F1xx_HAL_Driver/Src/stm32f1xx_hal_cortex.o
 .debug_info    0x00000000000048a0      0x701 ./Drivers/STM32F1xx_HAL_Driver/Src/stm32f1xx_hal_gpio.o
 .debug_info    0x0000000000004fa1      0x88e ./Drivers/STM32F1xx_HAL_Driver/Src/stm32f1xx_hal_rcc.o
 .debug_info    0x000000000000582f     0x2a45 ./Drivers/STM32F1xx_HAL_Driver/Src/stm32f1xx_hal_tim.o
 .debug_info    0x0000000000008274     0x14d5 ./Drivers/STM32F1xx_HAL_Driver/Src/stm32f1xx_hal_tim_ex.o

.debug_abbrev   0x0000000000000000     0x1bd2
 .debug_abbrev  0x0000000000000000       0x9c ./Core/Src/10second_timer.o
 .debug_abbrev  0x000000000000009c       0x9c ./Core/Src/LED_BLINKY_timer.o
 .debug_abbrev  0x0000000000000138       0x9c ./Core/Src/auto_count_down_timer.o
 .debug_abbrev  0x00000000000001d4       0x51 ./Core/Src/buttons_processing.o
 .debug_abbrev  0x0000000000000225      0x13f ./Core/Src/buttons_reading.o
 .debug_abbrev  0x0000000000000364      0x11a ./Core/Src/display_7_segment.o
 .debug_abbrev  0x000000000000047e       0xcb ./Core/Src/fsm_simple_buttons_run.o
 .debug_abbrev  0x0000000000000549       0x40 ./Core/Src/global.o
 .debug_abbrev  0x0000000000000589      0x21b ./Core/Src/main.o
 .debug_abbrev  0x00000000000007a4      0x1b7 ./Core/Src/stm32f1xx_hal_msp.o
 .debug_abbrev  0x000000000000095b      0x176 ./Core/Src/stm32f1xx_it.o
 .debug_abbrev  0x0000000000000ad1      0x14e ./Core/Src/system_stm32f1xx.o
 .debug_abbrev  0x0000000000000c1f      0x182 ./Core/Src/timer.o
 .debug_abbrev  0x0000000000000da1       0x12 ./Core/Startup/startup_stm32f103c6ux.o
 .debug_abbrev  0x0000000000000db3      0x1ed ./Drivers/STM32F1xx_HAL_Driver/Src/stm32f1xx_hal.o
 .debug_abbrev  0x0000000000000fa0      0x313 ./Drivers/STM32F1xx_HAL_Driver/Src/stm32f1xx_hal_cortex.o
 .debug_abbrev  0x00000000000012b3      0x1e8 ./Drivers/STM32F1xx_HAL_Driver/Src/stm32f1xx_hal_gpio.o
 .debug_abbrev  0x000000000000149b      0x273 ./Drivers/STM32F1xx_HAL_Driver/Src/stm32f1xx_hal_rcc.o
 .debug_abbrev  0x000000000000170e      0x25e ./Drivers/STM32F1xx_HAL_Driver/Src/stm32f1xx_hal_tim.o
 .debug_abbrev  0x000000000000196c      0x266 ./Drivers/STM32F1xx_HAL_Driver/Src/stm32f1xx_hal_tim_ex.o

.debug_aranges  0x0000000000000000      0xa90
 .debug_aranges
                0x0000000000000000       0x28 ./Core/Src/10second_timer.o
 .debug_aranges
                0x0000000000000028       0x28 ./Core/Src/LED_BLINKY_timer.o
 .debug_aranges
                0x0000000000000050       0x28 ./Core/Src/auto_count_down_timer.o
 .debug_aranges
                0x0000000000000078       0x30 ./Core/Src/buttons_processing.o
 .debug_aranges
                0x00000000000000a8       0x48 ./Core/Src/buttons_reading.o
 .debug_aranges
                0x00000000000000f0       0x20 ./Core/Src/display_7_segment.o
 .debug_aranges
                0x0000000000000110       0x20 ./Core/Src/fsm_simple_buttons_run.o
 .debug_aranges
                0x0000000000000130       0x18 ./Core/Src/global.o
 .debug_aranges
                0x0000000000000148       0x40 ./Core/Src/main.o
 .debug_aranges
                0x0000000000000188       0x30 ./Core/Src/stm32f1xx_hal_msp.o
 .debug_aranges
                0x00000000000001b8       0x68 ./Core/Src/stm32f1xx_it.o
 .debug_aranges
                0x0000000000000220       0x28 ./Core/Src/system_stm32f1xx.o
 .debug_aranges
                0x0000000000000248       0x20 ./Core/Src/timer.o
 .debug_aranges
                0x0000000000000268       0x28 ./Core/Startup/startup_stm32f103c6ux.o
 .debug_aranges
                0x0000000000000290       0xe0 ./Drivers/STM32F1xx_HAL_Driver/Src/stm32f1xx_hal.o
 .debug_aranges
                0x0000000000000370      0x100 ./Drivers/STM32F1xx_HAL_Driver/Src/stm32f1xx_hal_cortex.o
 .debug_aranges
                0x0000000000000470       0x58 ./Drivers/STM32F1xx_HAL_Driver/Src/stm32f1xx_hal_gpio.o
 .debug_aranges
                0x00000000000004c8       0x90 ./Drivers/STM32F1xx_HAL_Driver/Src/stm32f1xx_hal_rcc.o
 .debug_aranges
                0x0000000000000558      0x3d0 ./Drivers/STM32F1xx_HAL_Driver/Src/stm32f1xx_hal_tim.o
 .debug_aranges
                0x0000000000000928      0x168 ./Drivers/STM32F1xx_HAL_Driver/Src/stm32f1xx_hal_tim_ex.o

.debug_ranges   0x0000000000000000      0x950
 .debug_ranges  0x0000000000000000       0x18 ./Core/Src/10second_timer.o
 .debug_ranges  0x0000000000000018       0x18 ./Core/Src/LED_BLINKY_timer.o
 .debug_ranges  0x0000000000000030       0x18 ./Core/Src/auto_count_down_timer.o
 .debug_ranges  0x0000000000000048       0x20 ./Core/Src/buttons_processing.o
 .debug_ranges  0x0000000000000068       0x38 ./Core/Src/buttons_reading.o
 .debug_ranges  0x00000000000000a0       0x10 ./Core/Src/display_7_segment.o
 .debug_ranges  0x00000000000000b0       0x10 ./Core/Src/fsm_simple_buttons_run.o
 .debug_ranges  0x00000000000000c0       0x30 ./Core/Src/main.o
 .debug_ranges  0x00000000000000f0       0x20 ./Core/Src/stm32f1xx_hal_msp.o
 .debug_ranges  0x0000000000000110       0x58 ./Core/Src/stm32f1xx_it.o
 .debug_ranges  0x0000000000000168       0x18 ./Core/Src/system_stm32f1xx.o
 .debug_ranges  0x0000000000000180       0x10 ./Core/Src/timer.o
 .debug_ranges  0x0000000000000190       0x20 ./Core/Startup/startup_stm32f103c6ux.o
 .debug_ranges  0x00000000000001b0       0xd0 ./Drivers/STM32F1xx_HAL_Driver/Src/stm32f1xx_hal.o
 .debug_ranges  0x0000000000000280       0xf0 ./Drivers/STM32F1xx_HAL_Driver/Src/stm32f1xx_hal_cortex.o
 .debug_ranges  0x0000000000000370       0x48 ./Drivers/STM32F1xx_HAL_Driver/Src/stm32f1xx_hal_gpio.o
 .debug_ranges  0x00000000000003b8       0x80 ./Drivers/STM32F1xx_HAL_Driver/Src/stm32f1xx_hal_rcc.o
 .debug_ranges  0x0000000000000438      0x3c0 ./Drivers/STM32F1xx_HAL_Driver/Src/stm32f1xx_hal_tim.o
 .debug_ranges  0x00000000000007f8      0x158 ./Drivers/STM32F1xx_HAL_Driver/Src/stm32f1xx_hal_tim_ex.o

.debug_macro    0x0000000000000000    0x16b07
 .debug_macro   0x0000000000000000       0x24 ./Core/Src/10second_timer.o
 .debug_macro   0x0000000000000024      0xa9c ./Core/Src/10second_timer.o
 .debug_macro   0x0000000000000ac0       0x2e ./Core/Src/10second_timer.o
 .debug_macro   0x0000000000000aee       0x24 ./Core/Src/LED_BLINKY_timer.o
 .debug_macro   0x0000000000000b12       0x24 ./Core/Src/auto_count_down_timer.o
 .debug_macro   0x0000000000000b36       0x33 ./Core/Src/buttons_processing.o
 .debug_macro   0x0000000000000b69       0x1c ./Core/Src/buttons_processing.o
 .debug_macro   0x0000000000000b85      0x1bf ./Core/Src/buttons_reading.o
 .debug_macro   0x0000000000000d44      0x215 ./Core/Src/buttons_reading.o
 .debug_macro   0x0000000000000f59       0x2e ./Core/Src/buttons_reading.o
 .debug_macro   0x0000000000000f87       0x22 ./Core/Src/buttons_reading.o
 .debug_macro   0x0000000000000fa9       0x22 ./Core/Src/buttons_reading.o
 .debug_macro   0x0000000000000fcb       0x8e ./Core/Src/buttons_reading.o
 .debug_macro   0x0000000000001059       0x51 ./Core/Src/buttons_reading.o
 .debug_macro   0x00000000000010aa      0x103 ./Core/Src/buttons_reading.o
 .debug_macro   0x00000000000011ad       0x6a ./Core/Src/buttons_reading.o
 .debug_macro   0x0000000000001217      0x1df ./Core/Src/buttons_reading.o
 .debug_macro   0x00000000000013f6       0x1c ./Core/Src/buttons_reading.o
 .debug_macro   0x0000000000001412       0x22 ./Core/Src/buttons_reading.o
 .debug_macro   0x0000000000001434       0xc3 ./Core/Src/buttons_reading.o
 .debug_macro   0x00000000000014f7      0xd23 ./Core/Src/buttons_reading.o
 .debug_macro   0x000000000000221a     0xde75 ./Core/Src/buttons_reading.o
 .debug_macro   0x000000000001008f       0x6d ./Core/Src/buttons_reading.o
 .debug_macro   0x00000000000100fc     0x3468 ./Core/Src/buttons_reading.o
 .debug_macro   0x0000000000013564      0x174 ./Core/Src/buttons_reading.o
 .debug_macro   0x00000000000136d8       0x5c ./Core/Src/buttons_reading.o
 .debug_macro   0x0000000000013734      0x5be ./Core/Src/buttons_reading.o
 .debug_macro   0x0000000000013cf2      0x1b7 ./Core/Src/buttons_reading.o
 .debug_macro   0x0000000000013ea9      0x1cb ./Core/Src/buttons_reading.o
 .debug_macro   0x0000000000014074      0x114 ./Core/Src/buttons_reading.o
 .debug_macro   0x0000000000014188      0x1b2 ./Core/Src/buttons_reading.o
 .debug_macro   0x000000000001433a       0x27 ./Core/Src/buttons_reading.o
 .debug_macro   0x0000000000014361      0x12f ./Core/Src/buttons_reading.o
 .debug_macro   0x0000000000014490      0x1bc ./Core/Src/buttons_reading.o
 .debug_macro   0x000000000001464c       0x34 ./Core/Src/buttons_reading.o
 .debug_macro   0x0000000000014680       0x3c ./Core/Src/buttons_reading.o
 .debug_macro   0x00000000000146bc       0x57 ./Core/Src/buttons_reading.o
 .debug_macro   0x0000000000014713       0x88 ./Core/Src/buttons_reading.o
 .debug_macro   0x000000000001479b      0x183 ./Core/Src/buttons_reading.o
 .debug_macro   0x000000000001491e      0x141 ./Core/Src/buttons_reading.o
 .debug_macro   0x0000000000014a5f      0x8d1 ./Core/Src/buttons_reading.o
 .debug_macro   0x0000000000015330       0x69 ./Core/Src/buttons_reading.o
 .debug_macro   0x0000000000015399       0x88 ./Core/Src/buttons_reading.o
 .debug_macro   0x0000000000015421      0x1b1 ./Core/Src/display_7_segment.o
 .debug_macro   0x00000000000155d2      0x1eb ./Core/Src/fsm_simple_buttons_run.o
 .debug_macro   0x00000000000157bd       0x22 ./Core/Src/fsm_simple_buttons_run.o
 .debug_macro   0x00000000000157df       0x1a ./Core/Src/global.o
 .debug_macro   0x00000000000157f9      0x207 ./Core/Src/main.o
 .debug_macro   0x0000000000015a00      0x1a7 ./Core/Src/stm32f1xx_hal_msp.o
 .debug_macro   0x0000000000015ba7      0x1b1 ./Core/Src/stm32f1xx_it.o
 .debug_macro   0x0000000000015d58      0x198 ./Core/Src/system_stm32f1xx.o
 .debug_macro   0x0000000000015ef0      0x1e5 ./Core/Src/timer.o
 .debug_macro   0x00000000000160d5      0x1bc ./Drivers/STM32F1xx_HAL_Driver/Src/stm32f1xx_hal.o
 .debug_macro   0x0000000000016291      0x198 ./Drivers/STM32F1xx_HAL_Driver/Src/stm32f1xx_hal_cortex.o
 .debug_macro   0x0000000000016429      0x203 ./Drivers/STM32F1xx_HAL_Driver/Src/stm32f1xx_hal_gpio.o
 .debug_macro   0x000000000001662c      0x1aa ./Drivers/STM32F1xx_HAL_Driver/Src/stm32f1xx_hal_rcc.o
 .debug_macro   0x00000000000167d6      0x199 ./Drivers/STM32F1xx_HAL_Driver/Src/stm32f1xx_hal_tim.o
 .debug_macro   0x000000000001696f      0x198 ./Drivers/STM32F1xx_HAL_Driver/Src/stm32f1xx_hal_tim_ex.o

.debug_line     0x0000000000000000     0xb4de
 .debug_line    0x0000000000000000       0xac ./Core/Src/10second_timer.o
 .debug_line    0x00000000000000ac       0xb0 ./Core/Src/LED_BLINKY_timer.o
 .debug_line    0x000000000000015c       0xba ./Core/Src/auto_count_down_timer.o
 .debug_line    0x0000000000000216       0xef ./Core/Src/buttons_processing.o
 .debug_line    0x0000000000000305      0x813 ./Core/Src/buttons_reading.o
 .debug_line    0x0000000000000b18      0x794 ./Core/Src/display_7_segment.o
 .debug_line    0x00000000000012ac      0x867 ./Core/Src/fsm_simple_buttons_run.o
 .debug_line    0x0000000000001b13       0x4d ./Core/Src/global.o
 .debug_line    0x0000000000001b60      0x836 ./Core/Src/main.o
 .debug_line    0x0000000000002396      0x6a1 ./Core/Src/stm32f1xx_hal_msp.o
 .debug_line    0x0000000000002a37      0x73f ./Core/Src/stm32f1xx_it.o
 .debug_line    0x0000000000003176      0x6e3 ./Core/Src/system_stm32f1xx.o
 .debug_line    0x0000000000003859      0x6d3 ./Core/Src/timer.o
 .debug_line    0x0000000000003f2c       0x87 ./Core/Startup/startup_stm32f103c6ux.o
 .debug_line    0x0000000000003fb3      0x910 ./Drivers/STM32F1xx_HAL_Driver/Src/stm32f1xx_hal.o
 .debug_line    0x00000000000048c3      0xaf8 ./Drivers/STM32F1xx_HAL_Driver/Src/stm32f1xx_hal_cortex.o
 .debug_line    0x00000000000053bb      0x991 ./Drivers/STM32F1xx_HAL_Driver/Src/stm32f1xx_hal_gpio.o
 .debug_line    0x0000000000005d4c      0xd1e ./Drivers/STM32F1xx_HAL_Driver/Src/stm32f1xx_hal_rcc.o
 .debug_line    0x0000000000006a6a     0x326e ./Drivers/STM32F1xx_HAL_Driver/Src/stm32f1xx_hal_tim.o
 .debug_line    0x0000000000009cd8     0x1806 ./Drivers/STM32F1xx_HAL_Driver/Src/stm32f1xx_hal_tim_ex.o

.debug_str      0x0000000000000000    0x82234
 .debug_str     0x0000000000000000     0x2e5d ./Core/Src/10second_timer.o
                                       0x2e64 (size before relaxing)
 .debug_str     0x0000000000002e5d       0x84 ./Core/Src/LED_BLINKY_timer.o
                                       0x2e61 (size before relaxing)
 .debug_str     0x0000000000002ee1       0xa2 ./Core/Src/auto_count_down_timer.o
                                       0x2e7f (size before relaxing)
 .debug_str     0x0000000000002f83      0x193 ./Core/Src/buttons_processing.o
                                       0x2f67 (size before relaxing)
 .debug_str     0x0000000000003116    0x7c709 ./Core/Src/buttons_reading.o
                                      0x7f932 (size before relaxing)
 .debug_str     0x000000000007f81f       0x46 ./Core/Src/display_7_segment.o
                                      0x7f6ce (size before relaxing)
 .debug_str     0x000000000007f865       0x5b ./Core/Src/fsm_simple_buttons_run.o
                                      0x7f918 (size before relaxing)
 .debug_str     0x000000000007f8c0       0x15 ./Core/Src/global.o
                                       0x2de9 (size before relaxing)
 .debug_str     0x000000000007f8d5      0x6e6 ./Core/Src/main.o
                                      0x800d9 (size before relaxing)
 .debug_str     0x000000000007ffbb      0x2ba ./Core/Src/stm32f1xx_hal_msp.o
                                      0x7fe7a (size before relaxing)
 .debug_str     0x0000000000080275       0xcd ./Core/Src/stm32f1xx_it.o
                                      0x7fbdc (size before relaxing)
 .debug_str     0x0000000000080342       0x52 ./Core/Src/system_stm32f1xx.o
                                      0x7f4f6 (size before relaxing)
 .debug_str     0x0000000000080394       0x37 ./Core/Src/timer.o
                                      0x7fdbd (size before relaxing)
 .debug_str     0x00000000000803cb       0x36 ./Core/Startup/startup_stm32f103c6ux.o
                                         0x61 (size before relaxing)
 .debug_str     0x0000000000080401      0x304 ./Drivers/STM32F1xx_HAL_Driver/Src/stm32f1xx_hal.o
                                      0x7fb4d (size before relaxing)
 .debug_str     0x0000000000080705      0x300 ./Drivers/STM32F1xx_HAL_Driver/Src/stm32f1xx_hal_cortex.o
                                      0x7fb55 (size before relaxing)
 .debug_str     0x0000000000080a05      0x324 ./Drivers/STM32F1xx_HAL_Driver/Src/stm32f1xx_hal_gpio.o
                                      0x7f8ba (size before relaxing)
 .debug_str     0x0000000000080d29      0x24f ./Drivers/STM32F1xx_HAL_Driver/Src/stm32f1xx_hal_rcc.o
                                      0x7f8f3 (size before relaxing)
 .debug_str     0x0000000000080f78      0xdce ./Drivers/STM32F1xx_HAL_Driver/Src/stm32f1xx_hal_tim.o
                                      0x808c5 (size before relaxing)
 .debug_str     0x0000000000081d46      0x4ee ./Drivers/STM32F1xx_HAL_Driver/Src/stm32f1xx_hal_tim_ex.o
                                      0x80076 (size before relaxing)

.comment        0x0000000000000000       0x53
 .comment       0x0000000000000000       0x53 ./Core/Src/10second_timer.o
                                         0x54 (size before relaxing)
 .comment       0x0000000000000053       0x54 ./Core/Src/LED_BLINKY_timer.o
 .comment       0x0000000000000053       0x54 ./Core/Src/auto_count_down_timer.o
 .comment       0x0000000000000053       0x54 ./Core/Src/buttons_processing.o
 .comment       0x0000000000000053       0x54 ./Core/Src/buttons_reading.o
 .comment       0x0000000000000053       0x54 ./Core/Src/display_7_segment.o
 .comment       0x0000000000000053       0x54 ./Core/Src/fsm_simple_buttons_run.o
 .comment       0x0000000000000053       0x54 ./Core/Src/global.o
 .comment       0x0000000000000053       0x54 ./Core/Src/main.o
 .comment       0x0000000000000053       0x54 ./Core/Src/stm32f1xx_hal_msp.o
 .comment       0x0000000000000053       0x54 ./Core/Src/stm32f1xx_it.o
 .comment       0x0000000000000053       0x54 ./Core/Src/system_stm32f1xx.o
 .comment       0x0000000000000053       0x54 ./Core/Src/timer.o
 .comment       0x0000000000000053       0x54 ./Drivers/STM32F1xx_HAL_Driver/Src/stm32f1xx_hal.o
 .comment       0x0000000000000053       0x54 ./Drivers/STM32F1xx_HAL_Driver/Src/stm32f1xx_hal_cortex.o
 .comment       0x0000000000000053       0x54 ./Drivers/STM32F1xx_HAL_Driver/Src/stm32f1xx_hal_gpio.o
 .comment       0x0000000000000053       0x54 ./Drivers/STM32F1xx_HAL_Driver/Src/stm32f1xx_hal_rcc.o
 .comment       0x0000000000000053       0x54 ./Drivers/STM32F1xx_HAL_Driver/Src/stm32f1xx_hal_tim.o
 .comment       0x0000000000000053       0x54 ./Drivers/STM32F1xx_HAL_Driver/Src/stm32f1xx_hal_tim_ex.o

.debug_frame    0x0000000000000000     0x287c
 .debug_frame   0x0000000000000000       0x58 ./Core/Src/10second_timer.o
 .debug_frame   0x0000000000000058       0x58 ./Core/Src/LED_BLINKY_timer.o
 .debug_frame   0x00000000000000b0       0x58 ./Core/Src/auto_count_down_timer.o
 .debug_frame   0x0000000000000108       0x70 ./Core/Src/buttons_processing.o
 .debug_frame   0x0000000000000178       0xc4 ./Core/Src/buttons_reading.o
 .debug_frame   0x000000000000023c       0x38 ./Core/Src/display_7_segment.o
 .debug_frame   0x0000000000000274       0x2c ./Core/Src/fsm_simple_buttons_run.o
 .debug_frame   0x00000000000002a0       0xb0 ./Core/Src/main.o
 .debug_frame   0x0000000000000350       0x80 ./Core/Src/stm32f1xx_hal_msp.o
 .debug_frame   0x00000000000003d0      0x120 ./Core/Src/stm32f1xx_it.o
 .debug_frame   0x00000000000004f0       0x58 ./Core/Src/system_stm32f1xx.o
 .debug_frame   0x0000000000000548       0x34 ./Core/Src/timer.o
 .debug_frame   0x000000000000057c      0x334 ./Drivers/STM32F1xx_HAL_Driver/Src/stm32f1xx_hal.o
 .debug_frame   0x00000000000008b0      0x428 ./Drivers/STM32F1xx_HAL_Driver/Src/stm32f1xx_hal_cortex.o
 .debug_frame   0x0000000000000cd8      0x14c ./Drivers/STM32F1xx_HAL_Driver/Src/stm32f1xx_hal_gpio.o
 .debug_frame   0x0000000000000e24      0x21c ./Drivers/STM32F1xx_HAL_Driver/Src/stm32f1xx_hal_rcc.o
 .debug_frame   0x0000000000001040     0x11b8 ./Drivers/STM32F1xx_HAL_Driver/Src/stm32f1xx_hal_tim.o
 .debug_frame   0x00000000000021f8      0x638 ./Drivers/STM32F1xx_HAL_Driver/Src/stm32f1xx_hal_tim_ex.o
 .debug_frame   0x0000000000002830       0x2c c:/st/stm32cubeide_1.7.0/stm32cubeide/plugins/com.st.stm32cube.ide.mcu.externaltools.gnu-tools-for-stm32.9-2020-q2-update.win32_2.0.0.202105311346/tools/bin/../lib/gcc/arm-none-eabi/9.3.1/../../../../arm-none-eabi/lib/thumb/v7-m/nofp\libc_nano.a(lib_a-init.o)
 .debug_frame   0x000000000000285c       0x20 c:/st/stm32cubeide_1.7.0/stm32cubeide/plugins/com.st.stm32cube.ide.mcu.externaltools.gnu-tools-for-stm32.9-2020-q2-update.win32_2.0.0.202105311346/tools/bin/../lib/gcc/arm-none-eabi/9.3.1/../../../../arm-none-eabi/lib/thumb/v7-m/nofp\libc_nano.a(lib_a-memset.o)
